alien
alight
alive
catnap
newborn
soso
sososo
tubelight
utube
