Optimal train swapping takes 14 swap(s).
Optimal train swapping takes 8 swap(s).
Optimal train swapping takes 13 swap(s).
Optimal train swapping takes 0 swap(s).
Optimal train swapping takes 4 swap(s).
Optimal train swapping takes 6 swap(s).