The No.1 ugly number is 1.
The No.2 ugly number is 2.
The No.4 ugly number is 4.
The No.7 ugly number is 8.
The No.10 ugly number is 12.
The No.16 ugly number is 25.
The No.75 ugly number is 675.
The No.85 ugly number is 972.
The No.150 ugly number is 5832.
