match
match
not match
match
not match
not match
match
match
match
match
not match
match
not match
match
not match
match
match
match
not match
match
match
match
not match
not match
not match
